error[E0597]: `db` does not live long enough
  --> $DIR/db.rs:9:9
   |
7  |     let _iter = {
   |         ----- borrow later stored here
8  |         let db = DB::open_default("foo").unwrap();
9  |         db.iterator(IteratorMode::Start)
   |         ^^^^^^^^^^^^^^^^^^^^^^^^^^^^^^^^ borrowed value does not live long enough
10 |     };
   |     - `db` dropped here while still borrowed
